---
source: keyvalues-parser/tests/text_parser.rs
expression: "PartialVdfDef::from(vdf.clone())"
---
PartialVdfDef {
    key: "Some\\non\\escaped\\text",
    value: Obj(
        ObjDef(
            {
                "Unquoted\\non\\escaped\\text": [
                    Str(
                        "And\\some\\value",
                    ),
                ],
            },
        ),
    ),
    bases: [
        "one_base.res",
        "../another_base.vdf",
        "other\\path\\sep.pop",
    ],
}
