---
source: keyvalues-parser/tests/text_parser.rs
expression: "VdfDef::from(vdf.clone())"
---
VdfDef {
    key: "Some\\text\\here",
    value: Obj(
        ObjDef(
            {
                "more\\text\\here": [
                    Str(
                        "and\\here",
                    ),
                ],
            },
        ),
    ),
}
