---
source: keyvalues-parser/tests/text_parser.rs
expression: "VdfDef::from(vdf.clone())"
---
VdfDef {
    key: "Outer Key",
    value: Obj(
        ObjDef(
            {
                "Seq Key": [
                    Str(
                        "Str Val",
                    ),
                    Obj(
                        ObjDef(
                            {},
                        ),
                    ),
                ],
            },
        ),
    ),
}
