---
source: keyvalues-parser/tests/text_parser.rs
expression: "VdfDef::from(vdf.clone())"
---
VdfDef {
    key: "AppState",
    value: Obj(
        ObjDef(
            {
                "AllowOtherDownloadsWhileRunning": [
                    Str(
                        "0",
                    ),
                ],
                "AutoUpdateBehavior": [
                    Str(
                        "0",
                    ),
                ],
                "BytesDownloaded": [
                    Str(
                        "564763584",
                    ),
                ],
                "BytesStaged": [
                    Str(
                        "1045271601",
                    ),
                ],
                "BytesToDownload": [
                    Str(
                        "564763584",
                    ),
                ],
                "BytesToStage": [
                    Str(
                        "1045271601",
                    ),
                ],
                "InstalledDepots": [
                    Obj(
                        ObjDef(
                            {
                                "1006": [
                                    Obj(
                                        ObjDef(
                                            {
                                                "manifest": [
                                                    Str(
                                                        "6688153055340488873",
                                                    ),
                                                ],
                                                "size": [
                                                    Str(
                                                        "59862244",
                                                    ),
                                                ],
                                            },
                                        ),
                                    ),
                                ],
                                "896661": [
                                    Obj(
                                        ObjDef(
                                            {
                                                "manifest": [
                                                    Str(
                                                        "521795651741005384",
                                                    ),
                                                ],
                                                "size": [
                                                    Str(
                                                        "985409357",
                                                    ),
                                                ],
                                            },
                                        ),
                                    ),
                                ],
                            },
                        ),
                    ),
                ],
                "LastOwner": [
                    Str(
                        "76561201190449363",
                    ),
                ],
                "LastUpdated": [
                    Str(
                        "1613644649",
                    ),
                ],
                "ScheduledAutoUpdate": [
                    Str(
                        "0",
                    ),
                ],
                "SizeOnDisk": [
                    Str(
                        "1045271601",
                    ),
                ],
                "StateFlags": [
                    Str(
                        "4",
                    ),
                ],
                "Universe": [
                    Str(
                        "1",
                    ),
                ],
                "UpdateResult": [
                    Str(
                        "0",
                    ),
                ],
                "UserConfig": [
                    Obj(
                        ObjDef(
                            {},
                        ),
                    ),
                ],
                "appid": [
                    Str(
                        "896660",
                    ),
                ],
                "buildid": [
                    Str(
                        "6246034",
                    ),
                ],
                "installdir": [
                    Str(
                        "Valheim dedicated server",
                    ),
                ],
                "name": [
                    Str(
                        "Valheim Dedicated Server",
                    ),
                ],
            },
        ),
    ),
}
