---
source: keyvalues-parser/tests/text_parser.rs
expression: "VdfDef::from(vdf.clone())"
---
VdfDef {
    key: "OuterKey",
    value: Obj(
        ObjDef(
            {
                "SequenceKey": [
                    Str(
                        "SequenceVal",
                    ),
                    Obj(
                        ObjDef(
                            {},
                        ),
                    ),
                ],
            },
        ),
    ),
}
